// Jest Snapshot v1, https://goo.gl/fbAQLP

exports[`NameTag Test renders NameTag 1`] = `
<Fragment>
  <TextSelector
    handleChange={[Function]}
  />
  <ColorSelector
    color=""
    handleChange={[Function]}
  />
  <ColorSelector
    color=""
    handleChange={[Function]}
  />
  <Shape
    backgroundColor=""
    fontColor=""
    text=""
  />
</Fragment>
`;
