// Jest Snapshot v1, https://goo.gl/fbAQLP

exports[`NameTag Test renders NameTag 1`] = `
<Fragment>
  <TextSelector
    handleChange={[Function]}
    text=""
  />
  <ColorSelector
    backgroundColor="white"
    color="black"
    handleChange={[Function]}
  />
  <Shape
    backgroundColor="white"
    color="black"
    text=""
  />
</Fragment>
`;
